======================================================================
🚀 Shuttlecock Landing Predictor - New Features Test
======================================================================

🧪 Testing: Network Camera Support
--------------------------------------------------
✅ Network camera module imported successfully
📹 Testing NetworkCameraManager initialization...
📹 MJPEG Stream Reader initialized
   Camera URL: http://192.168.10.3:8080/video
   Timestamp header: X-Timestamp
   Buffer size: 30 frames
🎥 Network Camera Manager initialized
   Camera 1: http://192.168.10.3:8080/video
   Camera 2: Not configured (single camera mode)
✅ NetworkCameraManager created for URL: http://192.168.10.3:8080/video

🧪 Testing: Video Controls & Progress Bar
--------------------------------------------------
✅ Video controls module imported successfully
🎮 Testing VideoProgressBar initialization...
📊 Video progress bar initialized (800x40)
📊 Progress bar updated: 1000 frames @ 30.0 FPS
✅ VideoProgressBar created successfully
   - Width: 800
   - Height: 40
   - Total frames: 1000
   - FPS: 30.0
   - Current frame after update: 500
   - Current time: 16.67s

🧪 Testing: Multi-Object Tracking
--------------------------------------------------
🎯 Testing multi-object tracking...
✅ Mock detection data created
   - 4 frames
   - Detection counts: [2, 2, 1, 3]
   Frame 1: 2 detections, max confidence: 0.900
   Frame 2: 2 detections, max confidence: 0.850
   Frame 4: 3 detections, max confidence: 0.870

🧪 Testing: Maximum Speed Calculation
--------------------------------------------------
🏃 Testing maximum speed calculation...
✅ Speed calculation completed
   - Trajectory points: 5
   - Time span: 0.4s
   - Maximum speed: 377.5 cm/s (3.8 m/s)
   - Average speed: 249.4 cm/s (2.5 m/s)
   - Individual speeds: ['122.5', '206.2', '291.5', '377.5'] cm/s

======================================================================
📊 TEST RESULTS SUMMARY
======================================================================
   ✅ PASS - Network Camera Support
   ✅ PASS - Video Controls & Progress Bar
   ✅ PASS - Multi-Object Tracking
   ✅ PASS - Maximum Speed Calculation

Overall: 4/4 tests passed
🎉 All tests passed! New features are ready.

📋 FEATURE IMPLEMENTATION STATUS:
   ✅ Network camera MJPEG stream support
   ✅ Draggable progress bar for video playback
   ✅ Multi-shuttlecock detection framework
   ✅ Maximum speed calculation algorithm
   ⚠️ Integration with main system (requires full dependencies)
